{"timestamp": "2026-06-19T21:03:48.445421+00:00", "event": "run_started", "condition": "graph_grounded", "total_interactions": 19}
{"timestamp": "2026-06-19T21:03:48.448275+00:00", "event": "request_sent", "condition": "graph_grounded", "interaction": 1, "total_interactions": 19, "risk_type": "sequence_error", "case_id": "case_001_missing_context"}
{"timestamp": "2026-06-19T21:04:23.379489+00:00", "event": "response_received", "condition": "graph_grounded", "interaction": 1, "total_interactions": 19, "risk_type": "sequence_error", "case_id": "case_001_missing_context", "duration_seconds": 34.931172}
{"timestamp": "2026-06-19T21:04:23.385752+00:00", "event": "request_sent", "condition": "graph_grounded", "interaction": 2, "total_interactions": 19, "risk_type": "sequence_error", "case_id": "sequence_002_named_part_timing"}
{"timestamp": "2026-06-19T21:05:01.942450+00:00", "event": "response_received", "condition": "graph_grounded", "interaction": 2, "total_interactions": 19, "risk_type": "sequence_error", "case_id": "sequence_002_named_part_timing", "duration_seconds": 38.556682}
{"timestamp": "2026-06-19T21:05:01.948019+00:00", "event": "request_sent", "condition": "graph_grounded", "interaction": 3, "total_interactions": 19, "risk_type": "sequence_error", "case_id": "sequence_003_after_previous_action"}
{"timestamp": "2026-06-19T21:05:31.803360+00:00", "event": "response_received", "condition": "graph_grounded", "interaction": 3, "total_interactions": 19, "risk_type": "sequence_error", "case_id": "sequence_003_after_previous_action", "duration_seconds": 29.855337}
{"timestamp": "2026-06-19T21:05:31.809069+00:00", "event": "request_sent", "condition": "graph_grounded", "interaction": 4, "total_interactions": 19, "risk_type": "component_confusion", "case_id": "case_002_possible_wrong_part"}
{"timestamp": "2026-06-19T21:06:41.041939+00:00", "event": "response_received", "condition": "graph_grounded", "interaction": 4, "total_interactions": 19, "risk_type": "component_confusion", "case_id": "case_002_possible_wrong_part", "duration_seconds": 69.232861}
{"timestamp": "2026-06-19T21:06:41.048261+00:00", "event": "request_sent", "condition": "graph_grounded", "interaction": 5, "total_interactions": 19, "risk_type": "component_confusion", "case_id": "component_002_named_part_check"}
{"timestamp": "2026-06-19T21:07:11.147223+00:00", "event": "response_received", "condition": "graph_grounded", "interaction": 5, "total_interactions": 19, "risk_type": "component_confusion", "case_id": "component_002_named_part_check", "duration_seconds": 30.098953}
{"timestamp": "2026-06-19T21:07:11.153075+00:00", "event": "request_sent", "condition": "graph_grounded", "interaction": 6, "total_interactions": 19, "risk_type": "component_confusion", "case_id": "component_003_part_label_uncertainty"}
{"timestamp": "2026-06-19T21:07:48.753968+00:00", "event": "response_received", "condition": "graph_grounded", "interaction": 6, "total_interactions": 19, "risk_type": "component_confusion", "case_id": "component_003_part_label_uncertainty", "duration_seconds": 37.600883}
{"timestamp": "2026-06-19T21:07:48.764438+00:00", "event": "request_sent", "condition": "graph_grounded", "interaction": 7, "total_interactions": 19, "risk_type": "incorrect_installation", "case_id": "installation_001_target_check"}
{"timestamp": "2026-06-19T21:08:21.108350+00:00", "event": "response_received", "condition": "graph_grounded", "interaction": 7, "total_interactions": 19, "risk_type": "incorrect_installation", "case_id": "installation_001_target_check", "duration_seconds": 32.343906}
{"timestamp": "2026-06-19T21:08:21.115758+00:00", "event": "request_sent", "condition": "graph_grounded", "interaction": 8, "total_interactions": 19, "risk_type": "incorrect_installation", "case_id": "case_003_installation_validation"}
{"timestamp": "2026-06-19T21:09:10.031701+00:00", "event": "response_received", "condition": "graph_grounded", "interaction": 8, "total_interactions": 19, "risk_type": "incorrect_installation", "case_id": "case_003_installation_validation", "duration_seconds": 48.915936}
{"timestamp": "2026-06-19T21:09:10.037979+00:00", "event": "request_sent", "condition": "graph_grounded", "interaction": 9, "total_interactions": 19, "risk_type": "incorrect_installation", "case_id": "installation_003_orientation_check"}
{"timestamp": "2026-06-19T21:09:47.145025+00:00", "event": "response_received", "condition": "graph_grounded", "interaction": 9, "total_interactions": 19, "risk_type": "incorrect_installation", "case_id": "installation_003_orientation_check", "duration_seconds": 37.107029}
{"timestamp": "2026-06-19T21:09:47.150800+00:00", "event": "request_sent", "condition": "graph_grounded", "interaction": 10, "total_interactions": 19, "risk_type": "tool_usage_error", "case_id": "tool_001_which_tool"}
{"timestamp": "2026-06-19T21:10:18.496103+00:00", "event": "response_received", "condition": "graph_grounded", "interaction": 10, "total_interactions": 19, "risk_type": "tool_usage_error", "case_id": "tool_001_which_tool", "duration_seconds": 31.345269}
{"timestamp": "2026-06-19T21:10:18.506501+00:00", "event": "request_sent", "condition": "graph_grounded", "interaction": 11, "total_interactions": 19, "risk_type": "tool_usage_error", "case_id": "tool_002_screwdriver_used"}
{"timestamp": "2026-06-19T21:10:39.852776+00:00", "event": "response_received", "condition": "graph_grounded", "interaction": 11, "total_interactions": 19, "risk_type": "tool_usage_error", "case_id": "tool_002_screwdriver_used", "duration_seconds": 21.346274}
{"timestamp": "2026-06-19T21:10:39.858265+00:00", "event": "request_sent", "condition": "graph_grounded", "interaction": 12, "total_interactions": 19, "risk_type": "tool_usage_error", "case_id": "tool_003_force_or_tool"}
{"timestamp": "2026-06-19T21:11:35.332442+00:00", "event": "response_received", "condition": "graph_grounded", "interaction": 12, "total_interactions": 19, "risk_type": "tool_usage_error", "case_id": "tool_003_force_or_tool", "duration_seconds": 55.47417}
{"timestamp": "2026-06-19T21:11:35.336729+00:00", "event": "request_sent", "condition": "graph_grounded", "interaction": 13, "total_interactions": 19, "risk_type": "missing_context", "case_id": "context_001_no_visible_step"}
{"timestamp": "2026-06-19T21:12:15.112087+00:00", "event": "response_received", "condition": "graph_grounded", "interaction": 13, "total_interactions": 19, "risk_type": "missing_context", "case_id": "context_001_no_visible_step", "duration_seconds": 39.775356}
{"timestamp": "2026-06-19T21:12:15.120575+00:00", "event": "request_sent", "condition": "graph_grounded", "interaction": 14, "total_interactions": 19, "risk_type": "missing_context", "case_id": "context_002_ambiguous_question"}
{"timestamp": "2026-06-19T21:13:00.585042+00:00", "event": "response_received", "condition": "graph_grounded", "interaction": 14, "total_interactions": 19, "risk_type": "missing_context", "case_id": "context_002_ambiguous_question", "duration_seconds": 45.464466}
{"timestamp": "2026-06-19T21:13:00.590634+00:00", "event": "request_sent", "condition": "graph_grounded", "interaction": 15, "total_interactions": 19, "risk_type": "missing_context", "case_id": "context_003_need_current_state"}
{"timestamp": "2026-06-19T21:14:07.038246+00:00", "event": "response_received", "condition": "graph_grounded", "interaction": 15, "total_interactions": 19, "risk_type": "missing_context", "case_id": "context_003_need_current_state", "duration_seconds": 66.447597}
{"timestamp": "2026-06-19T21:14:07.047187+00:00", "event": "request_sent", "condition": "graph_grounded", "interaction": 16, "total_interactions": 19, "risk_type": "removal_or_rework_error", "case_id": "rework_001_remove_step_confusion"}
{"timestamp": "2026-06-19T21:15:09.792851+00:00", "event": "response_received", "condition": "graph_grounded", "interaction": 16, "total_interactions": 19, "risk_type": "removal_or_rework_error", "case_id": "rework_001_remove_step_confusion", "duration_seconds": 62.745646}
{"timestamp": "2026-06-19T21:15:09.802727+00:00", "event": "request_sent", "condition": "graph_grounded", "interaction": 17, "total_interactions": 19, "risk_type": "removal_or_rework_error", "case_id": "rework_002_removed_wrong_part"}
{"timestamp": "2026-06-19T21:16:07.257393+00:00", "event": "response_received", "condition": "graph_grounded", "interaction": 17, "total_interactions": 19, "risk_type": "removal_or_rework_error", "case_id": "rework_002_removed_wrong_part", "duration_seconds": 57.454649}
{"timestamp": "2026-06-19T21:16:07.263455+00:00", "event": "request_sent", "condition": "graph_grounded", "interaction": 18, "total_interactions": 19, "risk_type": "confidence_or_evidence_issue", "case_id": "confidence_001_low_confidence"}
{"timestamp": "2026-06-19T21:16:29.775940+00:00", "event": "response_received", "condition": "graph_grounded", "interaction": 18, "total_interactions": 19, "risk_type": "confidence_or_evidence_issue", "case_id": "confidence_001_low_confidence", "duration_seconds": 22.512479}
{"timestamp": "2026-06-19T21:16:29.782317+00:00", "event": "request_sent", "condition": "graph_grounded", "interaction": 19, "total_interactions": 19, "risk_type": "confidence_or_evidence_issue", "case_id": "confidence_002_missing_visual_evidence"}
{"timestamp": "2026-06-19T21:17:20.201657+00:00", "event": "response_received", "condition": "graph_grounded", "interaction": 19, "total_interactions": 19, "risk_type": "confidence_or_evidence_issue", "case_id": "confidence_002_missing_visual_evidence", "duration_seconds": 50.419329}
{"timestamp": "2026-06-19T21:17:20.552495+00:00", "event": "run_completed", "condition": "graph_grounded", "completed_interactions": 19, "min_interaction_seconds": 21.346274, "max_interaction_seconds": 69.232861, "avg_interaction_seconds": 42.717263, "total_duration_seconds": 811.757924, "total_duration_hms": "00h 13m 31.76s", "total_interactions": 19, "responses_path": "D:\\Code\\XR_Event_Grounding_Graph\\IndustReal_Pipeline\\experiments\\llm_guidance_ablation\\outputs\\responses_graph_grounded_20260619T230348+0200.jsonl", "prompt_reports_path": "D:\\Code\\XR_Event_Grounding_Graph\\IndustReal_Pipeline\\experiments\\llm_guidance_ablation\\outputs\\prompt_reports\\graph_grounded_20260619T230348+0200"}
