{"timestamp": "2026-06-19T19:42:23.588751+00:00", "event": "run_started", "condition": "graph_grounded", "total_interactions": 19}
{"timestamp": "2026-06-19T19:42:23.590752+00:00", "event": "request_sent", "condition": "graph_grounded", "interaction": 1, "total_interactions": 19, "risk_type": "sequence_error", "case_id": "case_001_missing_context"}
{"timestamp": "2026-06-19T19:43:01.981653+00:00", "event": "response_received", "condition": "graph_grounded", "interaction": 1, "total_interactions": 19, "risk_type": "sequence_error", "case_id": "case_001_missing_context", "duration_seconds": 38.390877}
{"timestamp": "2026-06-19T19:43:01.987698+00:00", "event": "request_sent", "condition": "graph_grounded", "interaction": 2, "total_interactions": 19, "risk_type": "sequence_error", "case_id": "sequence_002_named_part_timing"}
{"timestamp": "2026-06-19T19:43:49.015251+00:00", "event": "response_received", "condition": "graph_grounded", "interaction": 2, "total_interactions": 19, "risk_type": "sequence_error", "case_id": "sequence_002_named_part_timing", "duration_seconds": 47.027529}
{"timestamp": "2026-06-19T19:43:49.021024+00:00", "event": "request_sent", "condition": "graph_grounded", "interaction": 3, "total_interactions": 19, "risk_type": "sequence_error", "case_id": "sequence_003_after_previous_action"}
{"timestamp": "2026-06-19T19:44:27.047886+00:00", "event": "response_received", "condition": "graph_grounded", "interaction": 3, "total_interactions": 19, "risk_type": "sequence_error", "case_id": "sequence_003_after_previous_action", "duration_seconds": 38.02685}
{"timestamp": "2026-06-19T19:44:27.053806+00:00", "event": "request_sent", "condition": "graph_grounded", "interaction": 4, "total_interactions": 19, "risk_type": "component_confusion", "case_id": "case_002_possible_wrong_part"}
{"timestamp": "2026-06-19T19:45:38.967218+00:00", "event": "response_received", "condition": "graph_grounded", "interaction": 4, "total_interactions": 19, "risk_type": "component_confusion", "case_id": "case_002_possible_wrong_part", "duration_seconds": 71.91341}
{"timestamp": "2026-06-19T19:45:38.973629+00:00", "event": "request_sent", "condition": "graph_grounded", "interaction": 5, "total_interactions": 19, "risk_type": "component_confusion", "case_id": "component_002_named_part_check"}
{"timestamp": "2026-06-19T19:46:11.550585+00:00", "event": "response_received", "condition": "graph_grounded", "interaction": 5, "total_interactions": 19, "risk_type": "component_confusion", "case_id": "component_002_named_part_check", "duration_seconds": 32.576949}
{"timestamp": "2026-06-19T19:46:11.558396+00:00", "event": "request_sent", "condition": "graph_grounded", "interaction": 6, "total_interactions": 19, "risk_type": "component_confusion", "case_id": "component_003_part_label_uncertainty"}
{"timestamp": "2026-06-19T19:46:42.340504+00:00", "event": "response_received", "condition": "graph_grounded", "interaction": 6, "total_interactions": 19, "risk_type": "component_confusion", "case_id": "component_003_part_label_uncertainty", "duration_seconds": 30.782104}
{"timestamp": "2026-06-19T19:46:42.346136+00:00", "event": "request_sent", "condition": "graph_grounded", "interaction": 7, "total_interactions": 19, "risk_type": "incorrect_installation", "case_id": "installation_001_target_check"}
{"timestamp": "2026-06-19T19:47:13.985040+00:00", "event": "response_received", "condition": "graph_grounded", "interaction": 7, "total_interactions": 19, "risk_type": "incorrect_installation", "case_id": "installation_001_target_check", "duration_seconds": 31.638896}
{"timestamp": "2026-06-19T19:47:13.991896+00:00", "event": "request_sent", "condition": "graph_grounded", "interaction": 8, "total_interactions": 19, "risk_type": "incorrect_installation", "case_id": "case_003_installation_validation"}
{"timestamp": "2026-06-19T19:48:10.277389+00:00", "event": "response_received", "condition": "graph_grounded", "interaction": 8, "total_interactions": 19, "risk_type": "incorrect_installation", "case_id": "case_003_installation_validation", "duration_seconds": 56.285468}
{"timestamp": "2026-06-19T19:48:10.284255+00:00", "event": "request_sent", "condition": "graph_grounded", "interaction": 9, "total_interactions": 19, "risk_type": "incorrect_installation", "case_id": "installation_003_orientation_check"}
{"timestamp": "2026-06-19T19:48:49.744873+00:00", "event": "response_received", "condition": "graph_grounded", "interaction": 9, "total_interactions": 19, "risk_type": "incorrect_installation", "case_id": "installation_003_orientation_check", "duration_seconds": 39.460599}
{"timestamp": "2026-06-19T19:48:49.750477+00:00", "event": "request_sent", "condition": "graph_grounded", "interaction": 10, "total_interactions": 19, "risk_type": "tool_usage_error", "case_id": "tool_001_which_tool"}
{"timestamp": "2026-06-19T19:49:10.462796+00:00", "event": "response_received", "condition": "graph_grounded", "interaction": 10, "total_interactions": 19, "risk_type": "tool_usage_error", "case_id": "tool_001_which_tool", "duration_seconds": 20.712295}
{"timestamp": "2026-06-19T19:49:10.468857+00:00", "event": "request_sent", "condition": "graph_grounded", "interaction": 11, "total_interactions": 19, "risk_type": "tool_usage_error", "case_id": "tool_002_screwdriver_used"}
{"timestamp": "2026-06-19T19:49:51.313894+00:00", "event": "response_received", "condition": "graph_grounded", "interaction": 11, "total_interactions": 19, "risk_type": "tool_usage_error", "case_id": "tool_002_screwdriver_used", "duration_seconds": 40.845028}
{"timestamp": "2026-06-19T19:49:51.319771+00:00", "event": "request_sent", "condition": "graph_grounded", "interaction": 12, "total_interactions": 19, "risk_type": "tool_usage_error", "case_id": "tool_003_force_or_tool"}
{"timestamp": "2026-06-19T19:50:43.604762+00:00", "event": "response_received", "condition": "graph_grounded", "interaction": 12, "total_interactions": 19, "risk_type": "tool_usage_error", "case_id": "tool_003_force_or_tool", "duration_seconds": 52.284983}
{"timestamp": "2026-06-19T19:50:43.608909+00:00", "event": "request_sent", "condition": "graph_grounded", "interaction": 13, "total_interactions": 19, "risk_type": "missing_context", "case_id": "context_001_no_visible_step"}
{"timestamp": "2026-06-19T19:51:24.954168+00:00", "event": "response_received", "condition": "graph_grounded", "interaction": 13, "total_interactions": 19, "risk_type": "missing_context", "case_id": "context_001_no_visible_step", "duration_seconds": 41.345249}
{"timestamp": "2026-06-19T19:51:24.959975+00:00", "event": "request_sent", "condition": "graph_grounded", "interaction": 14, "total_interactions": 19, "risk_type": "missing_context", "case_id": "context_002_ambiguous_question"}
{"timestamp": "2026-06-19T19:52:07.721958+00:00", "event": "response_received", "condition": "graph_grounded", "interaction": 14, "total_interactions": 19, "risk_type": "missing_context", "case_id": "context_002_ambiguous_question", "duration_seconds": 42.761949}
{"timestamp": "2026-06-19T19:52:07.727483+00:00", "event": "request_sent", "condition": "graph_grounded", "interaction": 15, "total_interactions": 19, "risk_type": "missing_context", "case_id": "context_003_need_current_state"}
{"timestamp": "2026-06-19T19:53:00.764017+00:00", "event": "response_received", "condition": "graph_grounded", "interaction": 15, "total_interactions": 19, "risk_type": "missing_context", "case_id": "context_003_need_current_state", "duration_seconds": 53.036502}
{"timestamp": "2026-06-19T19:53:00.768905+00:00", "event": "request_sent", "condition": "graph_grounded", "interaction": 16, "total_interactions": 19, "risk_type": "removal_or_rework_error", "case_id": "rework_001_remove_step_confusion"}
{"timestamp": "2026-06-19T19:53:43.734439+00:00", "event": "response_received", "condition": "graph_grounded", "interaction": 16, "total_interactions": 19, "risk_type": "removal_or_rework_error", "case_id": "rework_001_remove_step_confusion", "duration_seconds": 42.965513}
{"timestamp": "2026-06-19T19:53:43.740483+00:00", "event": "request_sent", "condition": "graph_grounded", "interaction": 17, "total_interactions": 19, "risk_type": "removal_or_rework_error", "case_id": "rework_002_removed_wrong_part"}
{"timestamp": "2026-06-19T19:54:24.135848+00:00", "event": "response_received", "condition": "graph_grounded", "interaction": 17, "total_interactions": 19, "risk_type": "removal_or_rework_error", "case_id": "rework_002_removed_wrong_part", "duration_seconds": 40.395353}
{"timestamp": "2026-06-19T19:54:24.143044+00:00", "event": "request_sent", "condition": "graph_grounded", "interaction": 18, "total_interactions": 19, "risk_type": "confidence_or_evidence_issue", "case_id": "confidence_001_low_confidence"}
{"timestamp": "2026-06-19T19:55:00.099134+00:00", "event": "response_received", "condition": "graph_grounded", "interaction": 18, "total_interactions": 19, "risk_type": "confidence_or_evidence_issue", "case_id": "confidence_001_low_confidence", "duration_seconds": 35.956083}
{"timestamp": "2026-06-19T19:55:00.106370+00:00", "event": "request_sent", "condition": "graph_grounded", "interaction": 19, "total_interactions": 19, "risk_type": "confidence_or_evidence_issue", "case_id": "confidence_002_missing_visual_evidence"}
{"timestamp": "2026-06-19T19:55:37.211157+00:00", "event": "response_received", "condition": "graph_grounded", "interaction": 19, "total_interactions": 19, "risk_type": "confidence_or_evidence_issue", "case_id": "confidence_002_missing_visual_evidence", "duration_seconds": 37.104773}
{"timestamp": "2026-06-19T19:55:37.411580+00:00", "event": "run_completed", "condition": "graph_grounded", "completed_interactions": 19, "min_interaction_seconds": 20.712295, "max_interaction_seconds": 71.91341, "avg_interaction_seconds": 41.763706, "total_duration_seconds": 793.623644, "total_duration_hms": "00h 13m 13.62s", "total_interactions": 19, "responses_path": "D:\\Code\\XR_Event_Grounding_Graph\\IndustReal_Pipeline\\experiments\\llm_guidance_ablation\\outputs\\responses_graph_grounded_20260619T214223+0200.jsonl", "prompt_reports_path": "D:\\Code\\XR_Event_Grounding_Graph\\IndustReal_Pipeline\\experiments\\llm_guidance_ablation\\outputs\\prompt_reports\\graph_grounded_20260619T214223+0200"}
