{"timestamp": "2026-06-19T10:37:48.787335+00:00", "event": "run_started", "condition": "symbolic_domain", "total_interactions": 19}
{"timestamp": "2026-06-19T10:37:48.787819+00:00", "event": "request_sent", "condition": "symbolic_domain", "interaction": 1, "total_interactions": 19, "risk_type": "sequence_error", "case_id": "case_001_missing_context"}
{"timestamp": "2026-06-19T10:38:14.226347+00:00", "event": "response_received", "condition": "symbolic_domain", "interaction": 1, "total_interactions": 19, "risk_type": "sequence_error", "case_id": "case_001_missing_context", "duration_seconds": 25.438513}
{"timestamp": "2026-06-19T10:38:14.228603+00:00", "event": "request_sent", "condition": "symbolic_domain", "interaction": 2, "total_interactions": 19, "risk_type": "sequence_error", "case_id": "sequence_002_named_part_timing"}
{"timestamp": "2026-06-19T10:38:48.702362+00:00", "event": "response_received", "condition": "symbolic_domain", "interaction": 2, "total_interactions": 19, "risk_type": "sequence_error", "case_id": "sequence_002_named_part_timing", "duration_seconds": 34.47373}
{"timestamp": "2026-06-19T10:38:48.703553+00:00", "event": "request_sent", "condition": "symbolic_domain", "interaction": 3, "total_interactions": 19, "risk_type": "sequence_error", "case_id": "sequence_003_after_previous_action"}
{"timestamp": "2026-06-19T10:39:27.681695+00:00", "event": "response_received", "condition": "symbolic_domain", "interaction": 3, "total_interactions": 19, "risk_type": "sequence_error", "case_id": "sequence_003_after_previous_action", "duration_seconds": 38.978127}
{"timestamp": "2026-06-19T10:39:27.682815+00:00", "event": "request_sent", "condition": "symbolic_domain", "interaction": 4, "total_interactions": 19, "risk_type": "component_confusion", "case_id": "case_002_possible_wrong_part"}
{"timestamp": "2026-06-19T10:41:28.142452+00:00", "event": "response_received", "condition": "symbolic_domain", "interaction": 4, "total_interactions": 19, "risk_type": "component_confusion", "case_id": "case_002_possible_wrong_part", "duration_seconds": 120.459631}
{"timestamp": "2026-06-19T10:41:28.143315+00:00", "event": "request_sent", "condition": "symbolic_domain", "interaction": 5, "total_interactions": 19, "risk_type": "component_confusion", "case_id": "component_002_named_part_check"}
{"timestamp": "2026-06-19T10:42:18.282222+00:00", "event": "response_received", "condition": "symbolic_domain", "interaction": 5, "total_interactions": 19, "risk_type": "component_confusion", "case_id": "component_002_named_part_check", "duration_seconds": 50.138887}
{"timestamp": "2026-06-19T10:42:18.283275+00:00", "event": "request_sent", "condition": "symbolic_domain", "interaction": 6, "total_interactions": 19, "risk_type": "component_confusion", "case_id": "component_003_part_label_uncertainty"}
{"timestamp": "2026-06-19T10:43:07.044067+00:00", "event": "response_received", "condition": "symbolic_domain", "interaction": 6, "total_interactions": 19, "risk_type": "component_confusion", "case_id": "component_003_part_label_uncertainty", "duration_seconds": 48.760768}
{"timestamp": "2026-06-19T10:43:07.045152+00:00", "event": "request_sent", "condition": "symbolic_domain", "interaction": 7, "total_interactions": 19, "risk_type": "incorrect_installation", "case_id": "installation_001_target_check"}
{"timestamp": "2026-06-19T10:44:38.164578+00:00", "event": "response_received", "condition": "symbolic_domain", "interaction": 7, "total_interactions": 19, "risk_type": "incorrect_installation", "case_id": "installation_001_target_check", "duration_seconds": 91.119422}
{"timestamp": "2026-06-19T10:44:38.165179+00:00", "event": "request_sent", "condition": "symbolic_domain", "interaction": 8, "total_interactions": 19, "risk_type": "incorrect_installation", "case_id": "case_003_installation_validation"}
{"timestamp": "2026-06-19T10:44:58.550584+00:00", "event": "response_received", "condition": "symbolic_domain", "interaction": 8, "total_interactions": 19, "risk_type": "incorrect_installation", "case_id": "case_003_installation_validation", "duration_seconds": 20.385385}
{"timestamp": "2026-06-19T10:44:58.551435+00:00", "event": "request_sent", "condition": "symbolic_domain", "interaction": 9, "total_interactions": 19, "risk_type": "incorrect_installation", "case_id": "installation_003_orientation_check"}
{"timestamp": "2026-06-19T10:46:21.782253+00:00", "event": "response_received", "condition": "symbolic_domain", "interaction": 9, "total_interactions": 19, "risk_type": "incorrect_installation", "case_id": "installation_003_orientation_check", "duration_seconds": 83.230786}
{"timestamp": "2026-06-19T10:46:21.784005+00:00", "event": "request_sent", "condition": "symbolic_domain", "interaction": 10, "total_interactions": 19, "risk_type": "tool_usage_error", "case_id": "tool_001_which_tool"}
{"timestamp": "2026-06-19T10:46:49.808823+00:00", "event": "response_received", "condition": "symbolic_domain", "interaction": 10, "total_interactions": 19, "risk_type": "tool_usage_error", "case_id": "tool_001_which_tool", "duration_seconds": 28.024815}
{"timestamp": "2026-06-19T10:46:49.809477+00:00", "event": "request_sent", "condition": "symbolic_domain", "interaction": 11, "total_interactions": 19, "risk_type": "tool_usage_error", "case_id": "tool_002_screwdriver_used"}
{"timestamp": "2026-06-19T10:47:14.401133+00:00", "event": "response_received", "condition": "symbolic_domain", "interaction": 11, "total_interactions": 19, "risk_type": "tool_usage_error", "case_id": "tool_002_screwdriver_used", "duration_seconds": 24.591638}
{"timestamp": "2026-06-19T10:47:14.401890+00:00", "event": "request_sent", "condition": "symbolic_domain", "interaction": 12, "total_interactions": 19, "risk_type": "tool_usage_error", "case_id": "tool_003_force_or_tool"}
{"timestamp": "2026-06-19T10:48:11.927756+00:00", "event": "response_received", "condition": "symbolic_domain", "interaction": 12, "total_interactions": 19, "risk_type": "tool_usage_error", "case_id": "tool_003_force_or_tool", "duration_seconds": 57.525846}
{"timestamp": "2026-06-19T10:48:11.928814+00:00", "event": "request_sent", "condition": "symbolic_domain", "interaction": 13, "total_interactions": 19, "risk_type": "missing_context", "case_id": "context_001_no_visible_step"}
{"timestamp": "2026-06-19T10:48:51.073390+00:00", "event": "response_received", "condition": "symbolic_domain", "interaction": 13, "total_interactions": 19, "risk_type": "missing_context", "case_id": "context_001_no_visible_step", "duration_seconds": 39.144557}
{"timestamp": "2026-06-19T10:48:51.074189+00:00", "event": "request_sent", "condition": "symbolic_domain", "interaction": 14, "total_interactions": 19, "risk_type": "missing_context", "case_id": "context_002_ambiguous_question"}
{"timestamp": "2026-06-19T10:49:54.926696+00:00", "event": "response_received", "condition": "symbolic_domain", "interaction": 14, "total_interactions": 19, "risk_type": "missing_context", "case_id": "context_002_ambiguous_question", "duration_seconds": 63.852491}
{"timestamp": "2026-06-19T10:49:54.928771+00:00", "event": "request_sent", "condition": "symbolic_domain", "interaction": 15, "total_interactions": 19, "risk_type": "missing_context", "case_id": "context_003_need_current_state"}
{"timestamp": "2026-06-19T10:51:02.988150+00:00", "event": "response_received", "condition": "symbolic_domain", "interaction": 15, "total_interactions": 19, "risk_type": "missing_context", "case_id": "context_003_need_current_state", "duration_seconds": 68.059385}
{"timestamp": "2026-06-19T10:51:02.988966+00:00", "event": "request_sent", "condition": "symbolic_domain", "interaction": 16, "total_interactions": 19, "risk_type": "removal_or_rework_error", "case_id": "rework_001_remove_step_confusion"}
{"timestamp": "2026-06-19T10:51:49.500283+00:00", "event": "response_received", "condition": "symbolic_domain", "interaction": 16, "total_interactions": 19, "risk_type": "removal_or_rework_error", "case_id": "rework_001_remove_step_confusion", "duration_seconds": 46.511317}
{"timestamp": "2026-06-19T10:51:49.501012+00:00", "event": "request_sent", "condition": "symbolic_domain", "interaction": 17, "total_interactions": 19, "risk_type": "removal_or_rework_error", "case_id": "rework_002_removed_wrong_part"}
{"timestamp": "2026-06-19T10:52:47.018599+00:00", "event": "response_received", "condition": "symbolic_domain", "interaction": 17, "total_interactions": 19, "risk_type": "removal_or_rework_error", "case_id": "rework_002_removed_wrong_part", "duration_seconds": 57.517565}
{"timestamp": "2026-06-19T10:52:47.019695+00:00", "event": "request_sent", "condition": "symbolic_domain", "interaction": 18, "total_interactions": 19, "risk_type": "confidence_or_evidence_issue", "case_id": "confidence_001_low_confidence"}
{"timestamp": "2026-06-19T10:53:11.643807+00:00", "event": "response_received", "condition": "symbolic_domain", "interaction": 18, "total_interactions": 19, "risk_type": "confidence_or_evidence_issue", "case_id": "confidence_001_low_confidence", "duration_seconds": 24.624103}
{"timestamp": "2026-06-19T10:53:11.644806+00:00", "event": "request_sent", "condition": "symbolic_domain", "interaction": 19, "total_interactions": 19, "risk_type": "confidence_or_evidence_issue", "case_id": "confidence_002_missing_visual_evidence"}
{"timestamp": "2026-06-19T10:53:58.045738+00:00", "event": "response_received", "condition": "symbolic_domain", "interaction": 19, "total_interactions": 19, "risk_type": "confidence_or_evidence_issue", "case_id": "confidence_002_missing_visual_evidence", "duration_seconds": 46.400932}
{"timestamp": "2026-06-19T10:53:58.062461+00:00", "event": "run_completed", "condition": "symbolic_domain", "completed_interactions": 19, "total_interactions": 19, "total_duration_seconds": 969.275558, "responses_path": "D:\\Code\\XR_Event_Grounding_Graph\\IndustReal_Pipeline\\experiments\\llm_guidance_ablation\\outputs\\responses_symbolic_domain_20260619T123748+0200.jsonl", "prompt_reports_path": "D:\\Code\\XR_Event_Grounding_Graph\\IndustReal_Pipeline\\experiments\\llm_guidance_ablation\\outputs\\prompt_reports\\symbolic_domain_20260619T123748+0200"}
