{"timestamp": "2026-06-19T10:19:12.652469+00:00", "event": "run_started", "condition": "steps_only", "total_interactions": 19}
{"timestamp": "2026-06-19T10:19:12.652806+00:00", "event": "request_sent", "condition": "steps_only", "interaction": 1, "total_interactions": 19, "risk_type": "sequence_error", "case_id": "case_001_missing_context"}
{"timestamp": "2026-06-19T10:19:36.396138+00:00", "event": "response_received", "condition": "steps_only", "interaction": 1, "total_interactions": 19, "risk_type": "sequence_error", "case_id": "case_001_missing_context", "duration_seconds": 23.743308}
{"timestamp": "2026-06-19T10:19:36.397021+00:00", "event": "request_sent", "condition": "steps_only", "interaction": 2, "total_interactions": 19, "risk_type": "sequence_error", "case_id": "sequence_002_named_part_timing"}
{"timestamp": "2026-06-19T10:19:55.519485+00:00", "event": "response_received", "condition": "steps_only", "interaction": 2, "total_interactions": 19, "risk_type": "sequence_error", "case_id": "sequence_002_named_part_timing", "duration_seconds": 19.122442}
{"timestamp": "2026-06-19T10:19:55.520220+00:00", "event": "request_sent", "condition": "steps_only", "interaction": 3, "total_interactions": 19, "risk_type": "sequence_error", "case_id": "sequence_003_after_previous_action"}
{"timestamp": "2026-06-19T10:20:31.150206+00:00", "event": "response_received", "condition": "steps_only", "interaction": 3, "total_interactions": 19, "risk_type": "sequence_error", "case_id": "sequence_003_after_previous_action", "duration_seconds": 35.629982}
{"timestamp": "2026-06-19T10:20:31.150922+00:00", "event": "request_sent", "condition": "steps_only", "interaction": 4, "total_interactions": 19, "risk_type": "component_confusion", "case_id": "case_002_possible_wrong_part"}
{"timestamp": "2026-06-19T10:20:44.992592+00:00", "event": "response_received", "condition": "steps_only", "interaction": 4, "total_interactions": 19, "risk_type": "component_confusion", "case_id": "case_002_possible_wrong_part", "duration_seconds": 13.841658}
{"timestamp": "2026-06-19T10:20:44.993240+00:00", "event": "request_sent", "condition": "steps_only", "interaction": 5, "total_interactions": 19, "risk_type": "component_confusion", "case_id": "component_002_named_part_check"}
{"timestamp": "2026-06-19T10:21:07.847901+00:00", "event": "response_received", "condition": "steps_only", "interaction": 5, "total_interactions": 19, "risk_type": "component_confusion", "case_id": "component_002_named_part_check", "duration_seconds": 22.854649}
{"timestamp": "2026-06-19T10:21:07.848717+00:00", "event": "request_sent", "condition": "steps_only", "interaction": 6, "total_interactions": 19, "risk_type": "component_confusion", "case_id": "component_003_part_label_uncertainty"}
{"timestamp": "2026-06-19T10:21:23.325566+00:00", "event": "response_received", "condition": "steps_only", "interaction": 6, "total_interactions": 19, "risk_type": "component_confusion", "case_id": "component_003_part_label_uncertainty", "duration_seconds": 15.476841}
{"timestamp": "2026-06-19T10:21:23.326223+00:00", "event": "request_sent", "condition": "steps_only", "interaction": 7, "total_interactions": 19, "risk_type": "incorrect_installation", "case_id": "installation_001_target_check"}
{"timestamp": "2026-06-19T10:21:40.073543+00:00", "event": "response_received", "condition": "steps_only", "interaction": 7, "total_interactions": 19, "risk_type": "incorrect_installation", "case_id": "installation_001_target_check", "duration_seconds": 16.747302}
{"timestamp": "2026-06-19T10:21:40.074273+00:00", "event": "request_sent", "condition": "steps_only", "interaction": 8, "total_interactions": 19, "risk_type": "incorrect_installation", "case_id": "case_003_installation_validation"}
{"timestamp": "2026-06-19T10:22:03.378474+00:00", "event": "response_received", "condition": "steps_only", "interaction": 8, "total_interactions": 19, "risk_type": "incorrect_installation", "case_id": "case_003_installation_validation", "duration_seconds": 23.304193}
{"timestamp": "2026-06-19T10:22:03.379158+00:00", "event": "request_sent", "condition": "steps_only", "interaction": 9, "total_interactions": 19, "risk_type": "incorrect_installation", "case_id": "installation_003_orientation_check"}
{"timestamp": "2026-06-19T10:22:18.136353+00:00", "event": "response_received", "condition": "steps_only", "interaction": 9, "total_interactions": 19, "risk_type": "incorrect_installation", "case_id": "installation_003_orientation_check", "duration_seconds": 14.757181}
{"timestamp": "2026-06-19T10:22:18.136968+00:00", "event": "request_sent", "condition": "steps_only", "interaction": 10, "total_interactions": 19, "risk_type": "tool_usage_error", "case_id": "tool_001_which_tool"}
{"timestamp": "2026-06-19T10:22:31.602151+00:00", "event": "response_received", "condition": "steps_only", "interaction": 10, "total_interactions": 19, "risk_type": "tool_usage_error", "case_id": "tool_001_which_tool", "duration_seconds": 13.465168}
{"timestamp": "2026-06-19T10:22:31.602968+00:00", "event": "request_sent", "condition": "steps_only", "interaction": 11, "total_interactions": 19, "risk_type": "tool_usage_error", "case_id": "tool_002_screwdriver_used"}
{"timestamp": "2026-06-19T10:22:50.929496+00:00", "event": "response_received", "condition": "steps_only", "interaction": 11, "total_interactions": 19, "risk_type": "tool_usage_error", "case_id": "tool_002_screwdriver_used", "duration_seconds": 19.326519}
{"timestamp": "2026-06-19T10:22:50.930241+00:00", "event": "request_sent", "condition": "steps_only", "interaction": 12, "total_interactions": 19, "risk_type": "tool_usage_error", "case_id": "tool_003_force_or_tool"}
{"timestamp": "2026-06-19T10:23:04.808930+00:00", "event": "response_received", "condition": "steps_only", "interaction": 12, "total_interactions": 19, "risk_type": "tool_usage_error", "case_id": "tool_003_force_or_tool", "duration_seconds": 13.878686}
{"timestamp": "2026-06-19T10:23:04.809508+00:00", "event": "request_sent", "condition": "steps_only", "interaction": 13, "total_interactions": 19, "risk_type": "missing_context", "case_id": "context_001_no_visible_step"}
{"timestamp": "2026-06-19T10:23:26.109826+00:00", "event": "response_received", "condition": "steps_only", "interaction": 13, "total_interactions": 19, "risk_type": "missing_context", "case_id": "context_001_no_visible_step", "duration_seconds": 21.300305}
{"timestamp": "2026-06-19T10:23:26.110475+00:00", "event": "request_sent", "condition": "steps_only", "interaction": 14, "total_interactions": 19, "risk_type": "missing_context", "case_id": "context_002_ambiguous_question"}
{"timestamp": "2026-06-19T10:23:44.224268+00:00", "event": "response_received", "condition": "steps_only", "interaction": 14, "total_interactions": 19, "risk_type": "missing_context", "case_id": "context_002_ambiguous_question", "duration_seconds": 18.11378}
{"timestamp": "2026-06-19T10:23:44.224913+00:00", "event": "request_sent", "condition": "steps_only", "interaction": 15, "total_interactions": 19, "risk_type": "missing_context", "case_id": "context_003_need_current_state"}
{"timestamp": "2026-06-19T10:24:21.386178+00:00", "event": "response_received", "condition": "steps_only", "interaction": 15, "total_interactions": 19, "risk_type": "missing_context", "case_id": "context_003_need_current_state", "duration_seconds": 37.161246}
{"timestamp": "2026-06-19T10:24:21.386910+00:00", "event": "request_sent", "condition": "steps_only", "interaction": 16, "total_interactions": 19, "risk_type": "removal_or_rework_error", "case_id": "rework_001_remove_step_confusion"}
{"timestamp": "2026-06-19T10:24:42.492752+00:00", "event": "response_received", "condition": "steps_only", "interaction": 16, "total_interactions": 19, "risk_type": "removal_or_rework_error", "case_id": "rework_001_remove_step_confusion", "duration_seconds": 21.10583}
{"timestamp": "2026-06-19T10:24:42.493652+00:00", "event": "request_sent", "condition": "steps_only", "interaction": 17, "total_interactions": 19, "risk_type": "removal_or_rework_error", "case_id": "rework_002_removed_wrong_part"}
{"timestamp": "2026-06-19T10:24:58.550487+00:00", "event": "response_received", "condition": "steps_only", "interaction": 17, "total_interactions": 19, "risk_type": "removal_or_rework_error", "case_id": "rework_002_removed_wrong_part", "duration_seconds": 16.056829}
{"timestamp": "2026-06-19T10:24:58.551508+00:00", "event": "request_sent", "condition": "steps_only", "interaction": 18, "total_interactions": 19, "risk_type": "confidence_or_evidence_issue", "case_id": "confidence_001_low_confidence"}
{"timestamp": "2026-06-19T10:25:12.464446+00:00", "event": "response_received", "condition": "steps_only", "interaction": 18, "total_interactions": 19, "risk_type": "confidence_or_evidence_issue", "case_id": "confidence_001_low_confidence", "duration_seconds": 13.912925}
{"timestamp": "2026-06-19T10:25:12.465133+00:00", "event": "request_sent", "condition": "steps_only", "interaction": 19, "total_interactions": 19, "risk_type": "confidence_or_evidence_issue", "case_id": "confidence_002_missing_visual_evidence"}
{"timestamp": "2026-06-19T10:25:26.911102+00:00", "event": "response_received", "condition": "steps_only", "interaction": 19, "total_interactions": 19, "risk_type": "confidence_or_evidence_issue", "case_id": "confidence_002_missing_visual_evidence", "duration_seconds": 14.445946}
{"timestamp": "2026-06-19T10:25:26.926989+00:00", "event": "run_completed", "condition": "steps_only", "completed_interactions": 19, "total_interactions": 19, "total_duration_seconds": 374.274955, "responses_path": "D:\\Code\\XR_Event_Grounding_Graph\\IndustReal_Pipeline\\experiments\\llm_guidance_ablation\\outputs\\responses_steps_only_20260619T121912+0200.jsonl", "prompt_reports_path": "D:\\Code\\XR_Event_Grounding_Graph\\IndustReal_Pipeline\\experiments\\llm_guidance_ablation\\outputs\\prompt_reports\\steps_only_20260619T121912+0200"}
